[12:43:48] [ITEM_LISTED]: sigmaarlen listed 16x Torch for $0.00 on world
[12:43:51] [ITEM_LISTED]: sigmaarlen listed 16x Torch for $0.00 on world
[12:43:52] [ITEM_SOLD]: sigmaarlen sold 64x Cooked Mutton to Flexysexy for $900.00 on world
[12:43:53] [ITEM_LISTED]: sigmaarlen listed 16x Torch for $0.00 on world
[12:43:54] [ITEM_LISTED]: sigmaarlen listed 16x Torch for $0.00 on world
[12:43:57] [ITEM_LISTED]: sigmaarlen listed 16x Torch for $0.00 on world
[12:43:59] [ITEM_SOLD]: sigmaarlen sold 16x Torch to Flexysexy for $0.00 on world
[12:44:00] [ITEM_LISTED]: sigmaarlen listed 16x Torch for $0.00 on world
[12:44:02] [ITEM_SOLD]: sigmaarlen sold 16x Torch to Flexysexy for $0.00 on world
[12:44:03] [ITEM_LISTED]: sigmaarlen listed 16x Torch for $0.00 on world
[12:44:04] [ITEM_SOLD]: sigmaarlen sold 16x Torch to Flexysexy for $0.00 on world
[12:44:06] [ITEM_SOLD]: sigmaarlen sold 16x Torch to Flexysexy for $0.00 on world
[12:44:09] [ITEM_SOLD]: sigmaarlen sold 64x Oak Log to Flexysexy for $500.00 on world
[12:44:19] [ITEM_LISTED]: sigmaarlen listed 16x Torch for $0.00 on world
[12:44:20] [ITEM_LISTED]: sigmaarlen listed 16x Torch for $0.00 on world
[12:44:23] [ITEM_LISTED]: sigmaarlen listed 16x Torch for $0.00 on world
[12:44:25] [ITEM_LISTED]: sigmaarlen listed 16x Torch for $0.00 on world
[12:44:27] [ITEM_LISTED]: sigmaarlen listed 16x Torch for $0.00 on world
[12:44:29] [ITEM_LISTED]: sigmaarlen listed 16x Torch for $0.00 on world
[12:44:30] [ITEM_LISTED]: sigmaarlen listed 16x Torch for $0.00 on world
[12:44:32] [ITEM_LISTED]: sigmaarlen listed 16x Torch for $0.00 on world
[12:44:33] [ITEM_LISTED]: sigmaarlen listed 12x Torch for $0.00 on world
[12:51:42] [ITEM_SOLD]: sigmaarlen sold 12x Torch to LuGi_ben for $0.00 on world
[12:51:44] [ITEM_SOLD]: sigmaarlen sold 16x Torch to LuGi_ben for $0.00 on world
[12:51:47] [ITEM_SOLD]: sigmaarlen sold 16x Torch to LuGi_ben for $0.00 on world
[12:51:49] [ITEM_SOLD]: sigmaarlen sold 16x Torch to LuGi_ben for $0.00 on world
[12:51:52] [ITEM_SOLD]: sigmaarlen sold 16x Torch to LuGi_ben for $0.00 on world
[18:28:03] [ITEM_SOLD]: sigmaarlen sold 16x Torch to Bananakin123 for $0.00 on world
[18:28:05] [ITEM_SOLD]: sigmaarlen sold 16x Torch to Bananakin123 for $0.00 on world
