[14:47:39] [ITEM_LISTED]: sigmaarlen listed 64x Stone Bricks for $50.00 on world
[14:50:28] [ITEM_LISTED]: ninja listed 23x Stick for $10.00 on world
[15:15:17] [ITEM_SOLD]: ninja sold 23x Stick to sigmaarlen for $10.00 on world
[15:21:53] [ITEM_LISTED]: sigmaarlen listed 4x Diamond for $2,500.00 on world
[15:25:40] [ITEM_LISTED]: sigmaarlen listed 1x Diamond Helmet for $300.00 on world
[15:25:42] [ITEM_LISTED]: sigmaarlen listed 1x Diamond Chestplate for $300.00 on world
[15:25:44] [ITEM_LISTED]: sigmaarlen listed 1x Diamond Leggings for $300.00 on world
[15:26:09] [ITEM_SOLD]: sigmaarlen sold 1x Diamond Chestplate to Flexysexy for $300.00 on world
[15:26:24] [ITEM_LISTED]: sigmaarlen listed 1x Diamond Boots for $300.00 on world
[15:26:26] [ITEM_LISTED]: sigmaarlen listed 1x Diamond Sword for $300.00 on world
[15:26:35] [ITEM_RETURNED]: Returned 1x Diamond Sword to sigmaarlen on world
[15:26:35] [ITEM_CANCELLED]: sigmaarlen cancelled an auction for 1x Diamond Sword for $300.00 on world
[15:26:40] [ITEM_LISTED]: sigmaarlen listed 1x Diamond Sword for $100.00 on world
[15:26:43] [ITEM_LISTED]: sigmaarlen listed 1x Diamond Pickaxe for $100.00 on world
[15:26:45] [ITEM_LISTED]: sigmaarlen listed 1x Diamond Axe for $100.00 on world
[15:26:49] [ITEM_LISTED]: sigmaarlen listed 9x Diamond Block for $5,000.00 on world
[15:26:53] [ITEM_LISTED]: sigmaarlen listed 64x Oak Log for $100.00 on world
[15:27:22] [ITEM_LISTED]: sigmaarlen listed 1x pig Spawner for $2,000.00 on world
[15:27:24] [ITEM_LISTED]: sigmaarlen listed 1x pig Spawner for $2,000.00 on world
[15:27:27] [ITEM_LISTED]: sigmaarlen listed 1x pig Spawner for $2,000.00 on world
[15:27:30] [ITEM_LISTED]: sigmaarlen listed 1x pig Spawner for $2,000.00 on world
[15:27:39] [ITEM_LISTED]: sigmaarlen listed 1x pig Spawner for $2,000.00 on world
[15:27:42] [ITEM_LISTED]: sigmaarlen listed 1x pig Spawner for $2,000.00 on world
[15:27:44] [ITEM_LISTED]: sigmaarlen listed 1x pig Spawner for $2,000.00 on world
[15:27:46] [ITEM_LISTED]: sigmaarlen listed 1x pig Spawner for $2,000.00 on world
[15:27:52] [ITEM_LISTED]: sigmaarlen listed 1x pig Spawner for $2,000.00 on world
[15:28:07] [ITEM_RETURNED]: Returned 4x Diamond to sigmaarlen on world
[15:28:07] [ITEM_CANCELLED]: sigmaarlen cancelled an auction for 4x Diamond for $2,500.00 on world
[15:28:13] [ITEM_LISTED]: sigmaarlen listed 4x Diamond for $500.00 on world
[15:30:34] [ITEM_LISTED]: sigmaarlen listed 1x  for $1,000.00 on world
[15:30:37] [ITEM_LISTED]: sigmaarlen listed 1x  for $1,000.00 on world
[15:30:40] [ITEM_LISTED]: sigmaarlen listed 1x  for $1,000.00 on world
[15:30:42] [ITEM_LISTED]: sigmaarlen listed 1x  for $1,000.00 on world
[15:30:45] [ITEM_LISTED]: sigmaarlen listed 1x  for $1,000.00 on world
[15:30:47] [ITEM_LISTED]: sigmaarlen listed 1x  for $1,000.00 on world
[15:32:03] [ITEM_LISTED]: sigmaarlen listed 64x Ender Chest for $5,000.00 on world
[15:32:05] [ITEM_LISTED]: sigmaarlen listed 1x Light blue Shulker Box for $2,500.00 on world
[15:32:12] [ITEM_LISTED]: sigmaarlen listed 1x Light blue Shulker Box for $2,500.00 on world
[15:33:39] [ITEM_LISTED]: sigmaarlen listed 1x Enchantment Table for $2,500.00 on world
[15:33:45] [ITEM_LISTED]: sigmaarlen listed 64x Golden Apple for $5,000.00 on world
[15:35:33] [ITEM_LISTED]: sigmaarlen listed 64x Steak for $500.00 on world
[15:35:35] [ITEM_LISTED]: sigmaarlen listed 64x Cooked Mutton for $350.00 on world
[15:35:38] [ITEM_LISTED]: sigmaarlen listed 64x Golden Carrot for $1,000.00 on world
[15:35:46] [ITEM_LISTED]: sigmaarlen listed 64x Golden Apple for $3,500.00 on world
[15:37:02] [ITEM_SOLD]: sigmaarlen sold 64x Golden Apple to FIFISIGMA for $5,000.00 on world
[15:37:28] [ITEM_RETURNED]: Returned 1x pig Spawner to sigmaarlen on world
[15:37:28] [ITEM_CANCELLED]: sigmaarlen cancelled an auction for 1x pig Spawner for $2,000.00 on world
[15:37:29] [ITEM_RETURNED]: Returned 1x pig Spawner to sigmaarlen on world
[15:37:29] [ITEM_CANCELLED]: sigmaarlen cancelled an auction for 1x pig Spawner for $2,000.00 on world
[15:37:29] [ITEM_RETURNED]: Returned 1x pig Spawner to sigmaarlen on world
[15:37:29] [ITEM_CANCELLED]: sigmaarlen cancelled an auction for 1x pig Spawner for $2,000.00 on world
[15:37:29] [ITEM_RETURNED]: Returned 1x pig Spawner to sigmaarlen on world
[15:37:29] [ITEM_CANCELLED]: sigmaarlen cancelled an auction for 1x pig Spawner for $2,000.00 on world
[15:37:32] [ITEM_RETURNED]: Returned 1x pig Spawner to sigmaarlen on world
[15:37:32] [ITEM_CANCELLED]: sigmaarlen cancelled an auction for 1x pig Spawner for $2,000.00 on world
[15:37:34] [ITEM_RETURNED]: Returned 1x pig Spawner to sigmaarlen on world
[15:37:34] [ITEM_CANCELLED]: sigmaarlen cancelled an auction for 1x pig Spawner for $2,000.00 on world
[15:37:34] [ITEM_RETURNED]: Returned 1x pig Spawner to sigmaarlen on world
[15:37:34] [ITEM_CANCELLED]: sigmaarlen cancelled an auction for 1x pig Spawner for $2,000.00 on world
[15:37:35] [ITEM_CANCELLED]: sigmaarlen cancelled an auction for 1x pig Spawner for $2,000.00 on world
[15:37:35] [ITEM_RETURNED]: Returned 1x pig Spawner to sigmaarlen on world
[15:37:35] [ITEM_RETURNED]: Returned 1x pig Spawner to sigmaarlen on world
[15:37:35] [ITEM_CANCELLED]: sigmaarlen cancelled an auction for 1x pig Spawner for $2,000.00 on world
[15:37:41] [ITEM_RETURNED]: Returned 64x Ender Chest to sigmaarlen on world
[15:37:41] [ITEM_CANCELLED]: sigmaarlen cancelled an auction for 64x Ender Chest for $5,000.00 on world
[15:37:42] [ITEM_RETURNED]: Returned 1x Light blue Shulker Box to sigmaarlen on world
[15:37:42] [ITEM_CANCELLED]: sigmaarlen cancelled an auction for 1x Light blue Shulker Box for $2,500.00 on world
[15:37:42] [ITEM_RETURNED]: Returned 1x Light blue Shulker Box to sigmaarlen on world
[15:37:42] [ITEM_CANCELLED]: sigmaarlen cancelled an auction for 1x Light blue Shulker Box for $2,500.00 on world
[15:38:07] [ITEM_LISTED]: sigmaarlen listed 9x pig Spawner for $45,000.00 on world
[15:38:21] [ITEM_LISTED]: sigmaarlen listed 64x Ender Chest for $20,000.00 on world
[15:38:24] [ITEM_LISTED]: sigmaarlen listed 1x Light blue Shulker Box for $5,000.00 on world
[15:38:27] [ITEM_LISTED]: sigmaarlen listed 1x Light blue Shulker Box for $5,000.00 on world
[15:38:57] [ITEM_SOLD]: sigmaarlen sold 1x Enchantment Table to LuGi_ben for $2,500.00 on world
[15:39:58] [ITEM_CANCELLED]: sigmaarlen cancelled an auction for 1x  for $1,000.00 on world
[15:39:58] [ITEM_RETURNED]: Returned 1x  to sigmaarlen on world
[15:39:58] [ITEM_RETURNED]: Returned 1x  to sigmaarlen on world
[15:39:58] [ITEM_CANCELLED]: sigmaarlen cancelled an auction for 1x  for $1,000.00 on world
[15:40:01] [ITEM_RETURNED]: Returned 1x  to sigmaarlen on world
[15:40:01] [ITEM_CANCELLED]: sigmaarlen cancelled an auction for 1x  for $1,000.00 on world
[15:40:01] [ITEM_CANCELLED]: sigmaarlen cancelled an auction for 1x  for $1,000.00 on world
[15:40:01] [ITEM_RETURNED]: Returned 1x  to sigmaarlen on world
[15:40:01] [ITEM_CANCELLED]: sigmaarlen cancelled an auction for 1x  for $1,000.00 on world
[15:40:01] [ITEM_RETURNED]: Returned 1x  to sigmaarlen on world
[15:40:02] [ITEM_RETURNED]: Returned 1x  to sigmaarlen on world
[15:40:02] [ITEM_CANCELLED]: sigmaarlen cancelled an auction for 1x  for $1,000.00 on world
[15:40:05] [ITEM_RETURNED]: Returned 64x Golden Apple to sigmaarlen on world
[15:40:05] [ITEM_CANCELLED]: sigmaarlen cancelled an auction for 64x Golden Apple for $3,500.00 on world
[15:40:06] [ITEM_RETURNED]: Returned 64x Golden Carrot to sigmaarlen on world
[15:40:06] [ITEM_CANCELLED]: sigmaarlen cancelled an auction for 64x Golden Carrot for $1,000.00 on world
[15:40:08] [ITEM_RETURNED]: Returned 9x Diamond Block to sigmaarlen on world
[15:40:08] [ITEM_CANCELLED]: sigmaarlen cancelled an auction for 9x Diamond Block for $5,000.00 on world
[15:40:08] [ITEM_RETURNED]: Returned 1x Diamond Axe to sigmaarlen on world
[15:40:08] [ITEM_CANCELLED]: sigmaarlen cancelled an auction for 1x Diamond Axe for $100.00 on world
[15:40:08] [ITEM_CANCELLED]: sigmaarlen cancelled an auction for 1x Diamond Pickaxe for $100.00 on world
[15:40:08] [ITEM_RETURNED]: Returned 1x Diamond Pickaxe to sigmaarlen on world
[15:40:08] [ITEM_CANCELLED]: sigmaarlen cancelled an auction for 1x Diamond Sword for $100.00 on world
[15:40:08] [ITEM_RETURNED]: Returned 1x Diamond Sword to sigmaarlen on world
[15:40:12] [ITEM_RETURNED]: Returned 1x Diamond Boots to sigmaarlen on world
[15:40:12] [ITEM_CANCELLED]: sigmaarlen cancelled an auction for 1x Diamond Boots for $300.00 on world
[15:40:12] [ITEM_CANCELLED]: sigmaarlen cancelled an auction for 1x Diamond Leggings for $300.00 on world
[15:40:12] [ITEM_RETURNED]: Returned 1x Diamond Leggings to sigmaarlen on world
[15:40:13] [ITEM_CANCELLED]: sigmaarlen cancelled an auction for 1x Diamond Helmet for $300.00 on world
[15:40:13] [ITEM_RETURNED]: Returned 1x Diamond Helmet to sigmaarlen on world
[15:40:15] [ITEM_CANCELLED]: sigmaarlen cancelled an auction for 4x Diamond for $500.00 on world
[15:40:15] [ITEM_RETURNED]: Returned 4x Diamond to sigmaarlen on world
[15:40:51] [ITEM_LISTED]: sigmaarlen listed 4x Diamond for $2,400.00 on world
[15:41:08] [ITEM_LISTED]: sigmaarlen listed 1x Diamond Axe for $1,800.00 on world
[15:41:12] [ITEM_LISTED]: sigmaarlen listed 1x Diamond Pickaxe for $1,800.00 on world
[15:41:16] [ITEM_LISTED]: sigmaarlen listed 1x  for $4,000.00 on world
[15:41:19] [ITEM_LISTED]: sigmaarlen listed 1x  for $4,000.00 on world
[15:41:21] [ITEM_LISTED]: sigmaarlen listed 1x  for $4,000.00 on world
[15:41:23] [ITEM_LISTED]: sigmaarlen listed 1x  for $4,000.00 on world
[15:41:25] [ITEM_LISTED]: sigmaarlen listed 1x  for $4,000.00 on world
[15:41:28] [ITEM_LISTED]: sigmaarlen listed 1x  for $4,000.00 on world
[15:41:31] [ITEM_LISTED]: sigmaarlen listed 64x Golden Carrot for $2,500.00 on world
[15:41:46] [ITEM_LISTED]: sigmaarlen listed 9x Diamond Block for $25,000.00 on world
[15:41:52] [ITEM_LISTED]: sigmaarlen listed 1x Diamond Sword for $1,800.00 on world
[15:42:03] [ITEM_LISTED]: sigmaarlen listed 64x Golden Apple for $5,000.00 on world
[15:42:12] [ITEM_LISTED]: sigmaarlen listed 1x Diamond Helmet for $2,000.00 on world
[15:42:17] [ITEM_LISTED]: sigmaarlen listed 1x Diamond Leggings for $2,000.00 on world
[15:42:20] [ITEM_LISTED]: sigmaarlen listed 1x Diamond Boots for $2,000.00 on world
[15:42:25] [ITEM_CANCELLED]: sigmaarlen cancelled an auction for 9x pig Spawner for $45,000.00 on world
[15:42:25] [ITEM_RETURNED]: Returned 9x pig Spawner to sigmaarlen on world
[15:42:44] [ITEM_LISTED]: sigmaarlen listed 1x pig Spawner for $6,000.00 on world
[15:42:46] [ITEM_LISTED]: sigmaarlen listed 1x pig Spawner for $6,000.00 on world
[15:42:50] [ITEM_CANCELLED]: sigmaarlen cancelled an auction for 1x pig Spawner for $6,000.00 on world
[15:42:50] [ITEM_RETURNED]: Returned 1x pig Spawner to sigmaarlen on world
[15:42:51] [ITEM_RETURNED]: Returned 1x pig Spawner to sigmaarlen on world
[15:42:51] [ITEM_CANCELLED]: sigmaarlen cancelled an auction for 1x pig Spawner for $6,000.00 on world
[15:43:05] [ITEM_LISTED]: sigmaarlen listed 1x pig Spawner for $10,000.00 on world
[15:43:08] [ITEM_LISTED]: sigmaarlen listed 1x pig Spawner for $10,000.00 on world
[15:43:12] [ITEM_LISTED]: sigmaarlen listed 1x pig Spawner for $10,000.00 on world
[15:43:15] [ITEM_LISTED]: sigmaarlen listed 1x pig Spawner for $10,000.00 on world
[15:43:17] [ITEM_LISTED]: sigmaarlen listed 1x pig Spawner for $10,000.00 on world
[15:43:20] [ITEM_LISTED]: sigmaarlen listed 1x pig Spawner for $10,000.00 on world
[15:43:23] [ITEM_LISTED]: sigmaarlen listed 1x pig Spawner for $10,000.00 on world
[15:43:25] [ITEM_LISTED]: sigmaarlen listed 1x pig Spawner for $10,000.00 on world
[15:43:28] [ITEM_LISTED]: sigmaarlen listed 1x pig Spawner for $10,000.00 on world
[15:43:57] [ITEM_LISTED]: sigmaarlen listed 9x pig Spawner for $70,000.00 on world
[15:44:13] [ITEM_CANCELLED]: sigmaarlen cancelled an auction for 64x Cooked Mutton for $350.00 on world
[15:44:13] [ITEM_RETURNED]: Returned 64x Cooked Mutton to sigmaarlen on world
[15:44:14] [ITEM_CANCELLED]: sigmaarlen cancelled an auction for 64x Steak for $500.00 on world
[15:44:14] [ITEM_RETURNED]: Returned 64x Steak to sigmaarlen on world
[15:44:14] [ITEM_RETURNED]: Returned 64x Oak Log to sigmaarlen on world
[15:44:14] [ITEM_CANCELLED]: sigmaarlen cancelled an auction for 64x Oak Log for $100.00 on world
[15:44:15] [ITEM_RETURNED]: Returned 64x Stone Bricks to sigmaarlen on world
[15:44:15] [ITEM_CANCELLED]: sigmaarlen cancelled an auction for 64x Stone Bricks for $50.00 on world
[15:44:21] [ITEM_LISTED]: sigmaarlen listed 64x Cooked Mutton for $900.00 on world
[15:44:23] [ITEM_LISTED]: sigmaarlen listed 64x Steak for $1,000.00 on world
[15:44:26] [ITEM_LISTED]: sigmaarlen listed 64x Oak Log for $500.00 on world
[15:44:28] [ITEM_LISTED]: sigmaarlen listed 64x Stone Bricks for $500.00 on world
[15:44:43] [ITEM_SOLD]: sigmaarlen sold 1x Diamond Axe to LuGi_ben for $1,800.00 on world
[17:21:53] [ITEM_LISTED]: sigmaarlen listed 1x Grass of Doom for $100,000.00 on world
[18:11:12] [ITEM_LISTED]: sigmaarlen listed 64x Redstone for $300.00 on world
[18:11:30] [ITEM_SOLD]: sigmaarlen sold 64x Redstone to Marto_Clay for $300.00 on world
[18:17:54] [ITEM_SOLD]: sigmaarlen sold 1x Diamond Pickaxe to Bananakin123 for $1,800.00 on world
[18:17:56] [ITEM_SOLD]: sigmaarlen sold 4x Diamond to Bananakin123 for $2,400.00 on world
[18:26:16] [ITEM_CANCELLED]: sigmaarlen cancelled an auction for 1x Light blue Shulker Box for $5,000.00 on world
[18:26:16] [ITEM_RETURNED]: Returned 1x Light blue Shulker Box to sigmaarlen on world
[18:26:16] [ITEM_RETURNED]: Returned 1x Light blue Shulker Box to sigmaarlen on world
[18:26:16] [ITEM_CANCELLED]: sigmaarlen cancelled an auction for 1x Light blue Shulker Box for $5,000.00 on world
[18:26:29] [ITEM_LISTED]: sigmaarlen listed 1x Light blue Shulker Box for $10,000.00 on world
[18:26:32] [ITEM_LISTED]: sigmaarlen listed 1x Light blue Shulker Box for $10,000.00 on world
