[12:58:04] [ITEM_CANCELLED]: sigmaarlen cancelled an auction for 1x Grass of Doom for $60,000.00 on world
[12:58:04] [ITEM_RETURNED]: Returned 1x Grass of Doom to sigmaarlen on world
[12:58:25] [ITEM_LISTED]: sigmaarlen listed 1x Grass of Doom for $50,000.00 on world
[14:56:39] [ITEM_SOLD]: sigmaarlen sold 64x Steak to LuGi_ben for $1,000.00 on world
[15:05:06] [ITEM_SOLD]: sigmaarlen sold 1x Grass of Doom to Bananakin123 for $50,000.00 on world
[15:34:43] [ITEM_SOLD]: sigmaarlen sold 9x Diamond Block to Bananakin123 for $25,000.00 on world
[15:50:21] [ITEM_LISTED]: Snow listed 3x Torch for $20,000.00 on world
[15:51:09] [ITEM_LISTED]: FIFISIGMA listed 15x Dark Oak Planks for $99,999.00 on world
[17:12:41] [ITEM_LISTED]: Snow listed 10x Steak for $2,000.00 on world
[17:22:49] [ITEM_SOLD]: sigmaarlen sold 1x  to FIFISIGMA for $4,000.00 on world
[17:24:00] [ITEM_LISTED]: Snow listed 62x Golden Apple for $10,000.00 on world
[17:24:18] [ITEM_RETURNED]: Returned 62x Golden Apple to Snow on world
[17:24:18] [ITEM_CANCELLED]: Snow cancelled an auction for 62x Golden Apple for $10,000.00 on world
[17:24:31] [ITEM_LISTED]: Snow listed 1x Golden Apple for $5,000.00 on world
[17:24:36] [ITEM_LISTED]: Snow listed 1x Golden Apple for $5,000.00 on world
[17:24:42] [ITEM_LISTED]: Snow listed 1x Golden Apple for $5,000.00 on world
[17:24:50] [ITEM_LISTED]: Snow listed 1x Golden Apple for $5,000.00 on world
[17:50:11] [ITEM_LISTED]: sigmaarlen listed 1x Rich Base for $10,000.00 on world
[17:52:23] [ITEM_LISTED]: ninja listed 13x Stick for $3,000.00 on world
[17:52:47] [ITEM_RETURNED]: Returned 13x Stick to ninja on world
[17:52:47] [ITEM_CANCELLED]: ninja cancelled an auction for 13x Stick for $3,000.00 on world
[17:52:54] [ITEM_LISTED]: ninja listed 13x Stick for $1,000.00 on world
[17:53:17] [ITEM_SOLD]: ninja sold 13x Stick to Flexysexye for $1,000.00 on world
[17:54:23] [ITEM_LISTED]: ninja listed 1x Spruce Door for $10,000.00 on world
[17:54:56] [ITEM_LISTED]: Flexysexye listed 1x Spruce Log for $100,000.00 on world
[17:55:15] [ITEM_LISTED]: sigmaarlen listed 1x Arlen's Goon for $10.00 on world
[17:55:28] [ITEM_SOLD]: sigmaarlen sold 1x Arlen's Goon to ninja for $10.00 on world
[17:58:50] [ITEM_LISTED]: ninja listed 1x Stone Bricks for $10,000.00 on world
[18:00:41] [ITEM_SOLD]: sigmaarlen sold 1x Rich Base to ninja for $10,000.00 on world
[18:02:20] [ITEM_SOLD]: Snow sold 1x Golden Apple to ninja for $5,000.00 on world
[18:02:22] [ITEM_SOLD]: Snow sold 1x Golden Apple to ninja for $5,000.00 on world
[18:02:24] [ITEM_SOLD]: Snow sold 1x Golden Apple to ninja for $5,000.00 on world
[18:05:13] [ITEM_SOLD]: sigmaarlen sold 9x pig Spawner to Bananakin123 for $70,000.00 on world
[18:11:29] [ITEM_SOLD]: sigmaarlen sold 64x Stone Bricks to Bananakin123 for $500.00 on world
[18:14:58] [ITEM_SOLD]: sigmaarlen sold 1x Light blue Shulker Box to Snow for $10,000.00 on world
[18:15:01] [ITEM_SOLD]: sigmaarlen sold 1x Light blue Shulker Box to Snow for $10,000.00 on world
[18:17:27] [ITEM_SOLD]: sigmaarlen sold 1x pig Spawner to ninja for $10,000.00 on world
